// Jest Snapshot v1, https://goo.gl/fbAQLP

exports[`<LookupField /> Snapshot matches 1`] = `
<form
  action="http://localhost:3000"
  class="form-inline"
  method="get"
>
  <div
    class="form-group"
  >
    <input
      class="form-control"
      name="city"
      placeholder="City"
      type="text"
      value=""
    />
  </div>
  <input
    class="btn btn-default"
    type="submit"
  />
</form>
`;
